Request blocked due referrer spam.<br />
Rule: youporn-ru.com